[INFO] Scanning for projects...
[INFO] 
[INFO] -----------------------------< org.app:f1 >-----------------------------
[INFO] Building f1 0.0.1-SNAPSHOT
[INFO]   from pom.xml
[INFO] --------------------------------[ jar ]---------------------------------
[INFO] 
[INFO] >>> spring-boot:4.0.1:run (default-cli) > test-compile @ f1 >>>
[INFO] 
[INFO] --- resources:3.3.1:resources (default-resources) @ f1 ---
[INFO] Copying 36 resources from src\main\resources to target\classes
[INFO] 
[INFO] --- compiler:3.14.1:compile (default-compile) @ f1 ---
[INFO] Nothing to compile - all classes are up to date.
[INFO] 
[INFO] --- resources:3.3.1:testResources (default-testResources) @ f1 ---
[INFO] skip non existing resourceDirectory D:\Projects\f1\src\test\resources
[INFO] 
[INFO] --- compiler:3.14.1:testCompile (default-testCompile) @ f1 ---
[INFO] Nothing to compile - all classes are up to date.
[INFO] 
[INFO] <<< spring-boot:4.0.1:run (default-cli) < test-compile @ f1 <<<
[INFO] 
[INFO] 
[INFO] --- spring-boot:4.0.1:run (default-cli) @ f1 ---
[INFO] Attaching agents: []

  .   ____          _            __ _ _
 /\\ / ___'_ __ _ _(_)_ __  __ _ \ \ \ \
( ( )\___ | '_ | '_| | '_ \/ _` | \ \ \ \
 \\/  ___)| |_)| | | | | || (_| |  ) ) ) )
  '  |____| .__|_| |_|_| |_\__, | / / / /
 =========|_|==============|___/=/_/_/_/

 :: Spring Boot ::                (v4.0.1)

2026-08-03T15:12:31.282+03:00  INFO 18012 --- [f1] [  restartedMain] org.app.f1.F1Application                 : Starting F1Application using Java 17.0.20 with PID 18012 (D:\Projects\f1\target\classes started by turker in D:\Projects\f1)
2026-08-03T15:12:31.286+03:00  INFO 18012 --- [f1] [  restartedMain] org.app.f1.F1Application                 : No active profile set, falling back to 1 default profile: "default"
2026-08-03T15:12:31.325+03:00  INFO 18012 --- [f1] [  restartedMain] .e.DevToolsPropertyDefaultsPostProcessor : Devtools property defaults active! Set 'spring.devtools.add-properties' to 'false' to disable
2026-08-03T15:12:31.326+03:00  INFO 18012 --- [f1] [  restartedMain] .e.DevToolsPropertyDefaultsPostProcessor : For additional web related logging consider setting the 'logging.level.web' property to 'DEBUG'
2026-08-03T15:12:31.926+03:00  INFO 18012 --- [f1] [  restartedMain] .s.d.r.c.RepositoryConfigurationDelegate : Bootstrapping Spring Data JPA repositories in DEFAULT mode.
2026-08-03T15:12:31.986+03:00  INFO 18012 --- [f1] [  restartedMain] .s.d.r.c.RepositoryConfigurationDelegate : Finished Spring Data repository scanning in 53 ms. Found 13 JPA repository interfaces.
2026-08-03T15:12:32.641+03:00  INFO 18012 --- [f1] [  restartedMain] o.s.boot.tomcat.TomcatWebServer          : Tomcat initialized with port 8080 (http)
2026-08-03T15:12:32.652+03:00  INFO 18012 --- [f1] [  restartedMain] o.apache.catalina.core.StandardService   : Starting service [Tomcat]
2026-08-03T15:12:32.652+03:00  INFO 18012 --- [f1] [  restartedMain] o.apache.catalina.core.StandardEngine    : Starting Servlet engine: [Apache Tomcat/11.0.15]
2026-08-03T15:12:32.688+03:00  INFO 18012 --- [f1] [  restartedMain] b.w.c.s.WebApplicationContextInitializer : Root WebApplicationContext: initialization completed in 1361 ms
2026-08-03T15:12:33.050+03:00  INFO 18012 --- [f1] [  restartedMain] com.zaxxer.hikari.HikariDataSource       : HikariPool-1 - Starting...
2026-08-03T15:12:33.139+03:00  INFO 18012 --- [f1] [  restartedMain] com.zaxxer.hikari.pool.HikariPool        : HikariPool-1 - Added connection org.postgresql.jdbc.PgConnection@1818b117
2026-08-03T15:12:33.140+03:00  INFO 18012 --- [f1] [  restartedMain] com.zaxxer.hikari.HikariDataSource       : HikariPool-1 - Start completed.
2026-08-03T15:12:33.161+03:00  INFO 18012 --- [f1] [  restartedMain] org.flywaydb.core.FlywayExecutor         : Database: jdbc:postgresql://127.0.0.1:5432/f1app (PostgreSQL 18.4)
2026-08-03T15:12:33.207+03:00  INFO 18012 --- [f1] [  restartedMain] o.f.c.i.s.JdbcTableSchemaHistory         : Schema history table "public"."flyway_schema_history" does not exist yet
2026-08-03T15:12:33.209+03:00  INFO 18012 --- [f1] [  restartedMain] o.f.core.internal.command.DbValidate     : Successfully validated 2 migrations (execution time 00:00.024s)
2026-08-03T15:12:33.232+03:00  INFO 18012 --- [f1] [  restartedMain] org.flywaydb.core.Flyway                 : All configured schemas are empty; baseline operation skipped. A baseline or migration script with a lower version than the baseline version may execute if available. Check the Schemas parameter if this is not intended.
2026-08-03T15:12:33.236+03:00  INFO 18012 --- [f1] [  restartedMain] o.f.c.i.s.JdbcTableSchemaHistory         : Creating Schema History table "public"."flyway_schema_history" ...
2026-08-03T15:12:33.370+03:00  INFO 18012 --- [f1] [  restartedMain] o.f.core.internal.command.DbMigrate      : Current version of schema "public": << Empty Schema >>
2026-08-03T15:12:33.392+03:00  INFO 18012 --- [f1] [  restartedMain] o.f.core.internal.command.DbMigrate      : Migrating schema "public" to version "1 - baseline"
2026-08-03T15:12:33.570+03:00  INFO 18012 --- [f1] [  restartedMain] o.f.core.internal.command.DbMigrate      : Migrating schema "public" to version "2 - drop empty orphan tables"
2026-08-03T15:12:33.593+03:00  INFO 18012 --- [f1] [  restartedMain] o.f.core.internal.command.DbMigrate      : Successfully applied 2 migrations to schema "public", now at version v2 (execution time 00:00.172s)
2026-08-03T15:12:33.670+03:00  INFO 18012 --- [f1] [  restartedMain] org.hibernate.orm.jpa                    : HHH008540: Processing PersistenceUnitInfo [name: default]
2026-08-03T15:12:33.718+03:00  INFO 18012 --- [f1] [  restartedMain] org.hibernate.orm.core                   : HHH000001: Hibernate ORM core version 7.2.0.Final
2026-08-03T15:12:34.056+03:00  INFO 18012 --- [f1] [  restartedMain] o.s.o.j.p.SpringPersistenceUnitInfo      : No LoadTimeWeaver setup: ignoring JPA class transformer
2026-08-03T15:12:34.101+03:00  WARN 18012 --- [f1] [  restartedMain] org.hibernate.orm.deprecation            : HHH90000025: PostgreSQLDialect does not need to be specified explicitly using 'hibernate.dialect' (remove the property setting and it will be selected by default)
2026-08-03T15:12:34.113+03:00  INFO 18012 --- [f1] [  restartedMain] org.hibernate.orm.connections.pooling    : HHH10001005: Database info:
	Database JDBC URL [jdbc:postgresql://127.0.0.1:5432/f1app]
	Database driver: PostgreSQL JDBC Driver
	Database dialect: PostgreSQLDialect
	Database version: 18.4
	Default catalog/schema: f1app/public
	Autocommit mode: undefined/unknown
	Isolation level: READ_COMMITTED [default READ_COMMITTED]
	JDBC fetch size: none
	Pool: DataSourceConnectionProvider
	Minimum pool size: undefined/unknown
	Maximum pool size: undefined/unknown
2026-08-03T15:12:34.951+03:00  INFO 18012 --- [f1] [  restartedMain] org.hibernate.orm.core                   : HHH000489: No JTA platform available (set 'hibernate.transaction.jta.platform' to enable JTA platform integration)
2026-08-03T15:12:34.989+03:00  INFO 18012 --- [f1] [  restartedMain] j.LocalContainerEntityManagerFactoryBean : Initialized JPA EntityManagerFactory for persistence unit 'default'
2026-08-03T15:12:35.117+03:00  INFO 18012 --- [f1] [  restartedMain] o.s.d.j.r.query.QueryEnhancerFactories   : Hibernate is in classpath; If applicable, HQL parser will be used.
2026-08-03T15:12:36.438+03:00  WARN 18012 --- [f1] [  restartedMain] JpaBaseConfiguration$JpaWebConfiguration : spring.jpa.open-in-view is enabled by default. Therefore, database queries may be performed during view rendering. Explicitly configure spring.jpa.open-in-view to disable this warning
2026-08-03T15:12:36.825+03:00  INFO 18012 --- [f1] [  restartedMain] o.s.b.d.a.OptionalLiveReloadServer       : LiveReload server is running on port 35729
2026-08-03T15:12:36.891+03:00  INFO 18012 --- [f1] [  restartedMain] o.s.boot.tomcat.TomcatWebServer          : Tomcat started on port 8080 (http) with context path '/'
2026-08-03T15:12:36.897+03:00  INFO 18012 --- [f1] [  restartedMain] org.app.f1.F1Application                 : Started F1Application in 5.937 seconds (process running for 6.347)
